
Clover EFI installer log - Sun Sep 10 02:08:48 NZST 2017
Installer version: v2.4k r4200 EFI bootloader
======================================================
/dev/disk0 (internal, physical):
   #:                       TYPE NAME                    SIZE       IDENTIFIER
   0:      GUID_partition_scheme                        *1.0 TB     disk0
   1:                        EFI EFI                     524.3 MB   disk0s1
   2: DE94BBA4-06D1-0D40-A16A-BFD50179D6AC               587.2 MB   disk0s2
   3:         Microsoft Reserved                         134.2 MB   disk0s3
   4:       Microsoft Basic Data win                     94.9 GB    disk0s4
   5:           Windows Recovery                         873.5 MB   disk0s5
   6:           Windows Recovery                         828.4 MB   disk0s6
   7:           Linux Filesystem                         1.1 GB     disk0s7
   8:           Linux Filesystem                         95.3 GB    disk0s8
   9:       Microsoft Basic Data software                85.9 GB    disk0s9
  10:                  Apple_HFS Hackintosh HD           96.0 GB    disk0s10
  11:                 Apple_Boot Recovery HD             650.0 MB   disk0s11
  12:       Microsoft Basic Data data                    483.2 GB   disk0s12
  13:       Microsoft Basic Data personal                53.7 GB    disk0s13
  14:       Microsoft Basic Data backup                  86.5 GB    disk0s14

/dev/disk1 (external, physical):
   #:                       TYPE NAME                    SIZE       IDENTIFIER
   0:      GUID_partition_scheme                        *500.1 GB   disk1
   1:                        EFI                         523.2 MB   disk1s1
   2:       Microsoft Basic Data 500g_win_pe             21.5 GB    disk1s2
   3:       Microsoft Basic Data 500g_win                64.4 GB    disk1s3
   4:                  Apple_HFS Install macOS Sierra    10.7 GB    disk1s4
   5:                  Apple_HFS Install macOS High S... 10.7 GB    disk1s5
   6:                  Apple_HFS mac_backup              85.9 GB    disk1s6
   7:       Microsoft Basic Data 500g_data               305.5 GB   disk1s7

======================================================
Backing up EFI files

======================================================
Installing BootSectors/BootLoader

Stage 0 - Don't write any of boot0af, boot0md, boot0ss to /
Stage 1 - Don't write any of boot1h2, boot1f32alt, boot1xalt to /
======================================================
Installing RC Scripts



Using default theme 'embedded'
======================================================
=========== Clover EFI Installation Finish ===========
======================================================
